[INFO] Scanning for projects...
[INFO] 
[INFO] ---------------------< com.smartclassroom:backend >---------------------
[INFO] Building backend 0.0.1-SNAPSHOT
[INFO]   from pom.xml
[INFO] --------------------------------[ jar ]---------------------------------
[INFO] 
[INFO] >>> spring-boot:3.2.2:run (default-cli) > test-compile @ backend >>>
[INFO] 
[INFO] --- resources:3.3.1:resources (default-resources) @ backend ---
[INFO] Copying 1 resource from src\main\resources to target\classes
[INFO] Copying 0 resource from src\main\resources to target\classes
[INFO] 
[INFO] --- compiler:3.11.0:compile (default-compile) @ backend ---
[INFO] Nothing to compile - all classes are up to date
[INFO] 
[INFO] --- resources:3.3.1:testResources (default-testResources) @ backend ---
[INFO] skip non existing resourceDirectory C:\Users\SWETHAA\OneDrive\Desktop\smart classroom\backend\src\test\resources
[INFO] 
[INFO] --- compiler:3.11.0:testCompile (default-testCompile) @ backend ---
[INFO] No sources to compile
[INFO] 
[INFO] <<< spring-boot:3.2.2:run (default-cli) < test-compile @ backend <<<
[INFO] 
[INFO] 
[INFO] --- spring-boot:3.2.2:run (default-cli) @ backend ---
[INFO] Attaching agents: []

  .   ____          _            __ _ _
 /\\ / ___'_ __ _ _(_)_ __  __ _ \ \ \ \
( ( )\___ | '_ | '_| | '_ \/ _` | \ \ \ \
 \\/  ___)| |_)| | | | | || (_| |  ) ) ) )
  '  |____| .__|_| |_|_| |_\__, | / / / /
 =========|_|==============|___/=/_/_/_/
 :: Spring Boot ::                (v3.2.2)

2026-01-26T23:56:46.984+05:30  INFO 21840 --- [backend] [           main] c.s.backend.BackendApplication           : Starting BackendApplication using Java 17.0.12 with PID 21840 (C:\Users\SWETHAA\OneDrive\Desktop\smart classroom\backend\target\classes started by SWETHAA in C:\Users\SWETHAA\OneDrive\Desktop\smart classroom\backend)
2026-01-26T23:56:46.987+05:30  INFO 21840 --- [backend] [           main] c.s.backend.BackendApplication           : No active profile set, falling back to 1 default profile: "default"
2026-01-26T23:56:48.151+05:30  INFO 21840 --- [backend] [           main] .s.d.r.c.RepositoryConfigurationDelegate : Bootstrapping Spring Data JPA repositories in DEFAULT mode.
2026-01-26T23:56:48.284+05:30  INFO 21840 --- [backend] [           main] .s.d.r.c.RepositoryConfigurationDelegate : Finished Spring Data repository scanning in 120 ms. Found 3 JPA repository interfaces.
2026-01-26T23:56:49.222+05:30  INFO 21840 --- [backend] [           main] o.s.b.w.embedded.tomcat.TomcatWebServer  : Tomcat initialized with port 8080 (http)
2026-01-26T23:56:49.239+05:30  INFO 21840 --- [backend] [           main] o.apache.catalina.core.StandardService   : Starting service [Tomcat]
2026-01-26T23:56:49.241+05:30  INFO 21840 --- [backend] [           main] o.apache.catalina.core.StandardEngine    : Starting Servlet engine: [Apache Tomcat/10.1.18]
2026-01-26T23:56:49.337+05:30  INFO 21840 --- [backend] [           main] o.a.c.c.C.[Tomcat].[localhost].[/]       : Initializing Spring embedded WebApplicationContext
2026-01-26T23:56:49.339+05:30  INFO 21840 --- [backend] [           main] w.s.c.ServletWebServerApplicationContext : Root WebApplicationContext: initialization completed in 2250 ms
2026-01-26T23:56:49.364+05:30 ERROR 21840 --- [backend] [           main] o.s.b.web.embedded.tomcat.TomcatStarter  : Error starting Tomcat context. Exception: org.springframework.beans.factory.UnsatisfiedDependencyException. Message: Error creating bean with name 'jwtAuthenticationFilter' defined in file [C:\Users\SWETHAA\OneDrive\Desktop\smart classroom\backend\target\classes\com\smartclassroom\backend\security\JwtAuthenticationFilter.class]: Unsatisfied dependency expressed through constructor parameter 1: Error creating bean with name 'securityConfig' defined in file [C:\Users\SWETHAA\OneDrive\Desktop\smart classroom\backend\target\classes\com\smartclassroom\backend\security\SecurityConfig.class]: Unsatisfied dependency expressed through constructor parameter 0: Error creating bean with name 'jwtAuthenticationFilter': Requested bean is currently in creation: Is there an unresolvable circular reference?
2026-01-26T23:56:49.393+05:30  INFO 21840 --- [backend] [           main] o.apache.catalina.core.StandardService   : Stopping service [Tomcat]
2026-01-26T23:56:49.410+05:30  WARN 21840 --- [backend] [           main] ConfigServletWebServerApplicationContext : Exception encountered during context initialization - cancelling refresh attempt: org.springframework.context.ApplicationContextException: Unable to start web server
2026-01-26T23:56:49.423+05:30  INFO 21840 --- [backend] [           main] .s.b.a.l.ConditionEvaluationReportLogger : 

Error starting ApplicationContext. To display the condition evaluation report re-run your application with 'debug' enabled.
2026-01-26T23:56:49.446+05:30 ERROR 21840 --- [backend] [           main] o.s.b.d.LoggingFailureAnalysisReporter   : 

***************************
APPLICATION FAILED TO START
***************************

Description:

The dependencies of some of the beans in the application context form a cycle:

???????
|  jwtAuthenticationFilter defined in file [C:\Users\SWETHAA\OneDrive\Desktop\smart classroom\backend\target\classes\com\smartclassroom\backend\security\JwtAuthenticationFilter.class]
?     ?
|  securityConfig defined in file [C:\Users\SWETHAA\OneDrive\Desktop\smart classroom\backend\target\classes\com\smartclassroom\backend\security\SecurityConfig.class]
???????


Action:

Relying upon circular references is discouraged and they are prohibited by default. Update your application to remove the dependency cycle between beans. As a last resort, it may be possible to break the cycle automatically by setting spring.main.allow-circular-references to true.

[INFO] ------------------------------------------------------------------------
[INFO] BUILD FAILURE
[INFO] ------------------------------------------------------------------------
[INFO] Total time:  7.566 s
[INFO] Finished at: 2026-01-26T23:56:49+05:30
[INFO] ------------------------------------------------------------------------
[ERROR] Failed to execute goal org.springframework.boot:spring-boot-maven-plugin:3.2.2:run (default-cli) on project backend: Process terminated with exit code: 1 -> [Help 1]
[ERROR] 
[ERROR] To see the full stack trace of the errors, re-run Maven with the -e switch.
[ERROR] Re-run Maven using the -X switch to enable full debug logging.
[ERROR] 
[ERROR] For more information about the errors and possible solutions, please read the following articles:
[ERROR] [Help 1] http://cwiki.apache.org/confluence/display/MAVEN/MojoExecutionException
